// Jest Snapshot v1, https://goo.gl/fbAQLP

exports[`Component Heading correct render 1`] = `
<h1
  className={
    Object {
      "has": [Function],
      "is": [Function],
      "mix": [Function],
      "split": [Function],
      "state": [Function],
      "toString": [Function],
    }
  }
>
  testtext
</h1>
`;
