// Jest Snapshot v1, https://goo.gl/fbAQLP

exports[`Component LinkView correct render 1`] = `
<a
  className={
    Object {
      "has": [Function],
      "is": [Function],
      "mix": [Function],
      "split": [Function],
      "state": [Function],
      "toString": [Function],
    }
  }
  href="/test"
  onClick={[Function]}
>
  testlabel
</a>
`;
