// Jest Snapshot v1, https://goo.gl/fbAQLP

exports[`Component Button correct render 1`] = `
<button
  className={
    Object {
      "has": [Function],
      "is": [Function],
      "mix": [Function],
      "split": [Function],
      "state": [Function],
      "toString": [Function],
    }
  }
  onClick={[Function]}
  type="submit"
>
  test button
</button>
`;
