// Jest Snapshot v1, https://goo.gl/fbAQLP

exports[`Component Background correct render 1`] = `
<div
  className={
    Object {
      "has": [Function],
      "is": [Function],
      "mix": [Function],
      "split": [Function],
      "state": [Function],
      "toString": [Function],
    }
  }
/>
`;
